DONE 10 / 400 FAIL 0
DONE 20 / 400 FAIL 0
DONE 30 / 400 FAIL 0
DONE 40 / 400 FAIL 0
DONE 50 / 400 FAIL 0
DONE 60 / 400 FAIL 0
DONE 70 / 400 FAIL 0
DONE 80 / 400 FAIL 0
DONE 90 / 400 FAIL 0
DONE 100 / 400 FAIL 0
DONE 110 / 400 FAIL 0
DONE 120 / 400 FAIL 0
DONE 130 / 400 FAIL 0
DONE 140 / 400 FAIL 0
DONE 150 / 400 FAIL 0
DONE 160 / 400 FAIL 0
DONE 170 / 400 FAIL 0
DONE 180 / 400 FAIL 0
DONE 190 / 400 FAIL 0
DONE 200 / 400 FAIL 0
DONE 210 / 400 FAIL 0
DONE 220 / 400 FAIL 0
DONE 230 / 400 FAIL 0
DONE 240 / 400 FAIL 0
DONE 250 / 400 FAIL 0
DONE 260 / 400 FAIL 0
DONE 270 / 400 FAIL 0
DONE 280 / 400 FAIL 0
DONE 290 / 400 FAIL 0
DONE 300 / 400 FAIL 0
DONE 310 / 400 FAIL 0
DONE 320 / 400 FAIL 0
DONE 330 / 400 FAIL 0
DONE 340 / 400 FAIL 0
DONE 350 / 400 FAIL 0
DONE 360 / 400 FAIL 0
DONE 370 / 400 FAIL 0
DONE 380 / 400 FAIL 0
DONE 390 / 400 FAIL 0
DONE 400 / 400 FAIL 0
