waiting: search 0/400; recovery 0/100
waiting: search 0/400; recovery 13/100
waiting: search 0/400; recovery 13/100
waiting: search 0/400; recovery 16/100
waiting: search 0/400; recovery 16/100
waiting: search 0/400; recovery 16/100
waiting: search 0/400; recovery 16/100
waiting: search 0/400; recovery 16/100
waiting: search 0/400; recovery 16/100
waiting: search 0/400; recovery 16/100
waiting: search 0/400; recovery 21/100
waiting: search 0/400; recovery 25/100
waiting: search 0/400; recovery 27/100
waiting: search 0/400; recovery 27/100
waiting: search 0/400; recovery 27/100
waiting: search 0/400; recovery 32/100
waiting: search 0/400; recovery 39/100
waiting: search 0/400; recovery 51/100
waiting: search 0/400; recovery 55/100
waiting: search 0/400; recovery 55/100
waiting: search 0/400; recovery 55/100
waiting: search 0/400; recovery 55/100
waiting: search 0/400; recovery 57/100
waiting: search 0/400; recovery 64/100
waiting: search 0/400; recovery 66/100
waiting: search 0/400; recovery 69/100
waiting: search 0/400; recovery 74/100
waiting: search 0/400; recovery 82/100
waiting: search 0/400; recovery 84/100
waiting: search 0/400; recovery 87/100
waiting: search 0/400; recovery 87/100
waiting: search 0/400; recovery 94/100
waiting: search 0/400; recovery 96/100
waiting: search 0/400; recovery 96/100
waiting: search 0/400; recovery 98/100
waiting: search 0/400; recovery 98/100
waiting: search 0/400; recovery 98/100
waiting: search 0/400; recovery 98/100
waiting: search 0/400; recovery 98/100
waiting: search 0/400; recovery 98/100
waiting: search 0/400; recovery 98/100
waiting: search 0/400; recovery 98/100
waiting: search 0/400; recovery 99/100
waiting: search 0/400; recovery 100/100
waiting: search 0/400; recovery 100/100
waiting: search 6/400; recovery 100/100
waiting: search 10/400; recovery 100/100
waiting: search 10/400; recovery 100/100
waiting: search 14/400; recovery 100/100
waiting: search 18/400; recovery 100/100
waiting: search 23/400; recovery 100/100
waiting: search 24/400; recovery 100/100
waiting: search 27/400; recovery 100/100
waiting: search 28/400; recovery 100/100
waiting: search 28/400; recovery 100/100
waiting: search 30/400; recovery 100/100
waiting: search 31/400; recovery 100/100
waiting: search 31/400; recovery 100/100
waiting: search 31/400; recovery 100/100
waiting: search 34/400; recovery 100/100
waiting: search 34/400; recovery 100/100
waiting: search 36/400; recovery 100/100
waiting: search 36/400; recovery 100/100
waiting: search 36/400; recovery 100/100
waiting: search 36/400; recovery 100/100
waiting: search 36/400; recovery 100/100
waiting: search 40/400; recovery 100/100
waiting: search 43/400; recovery 100/100
waiting: search 47/400; recovery 100/100
waiting: search 48/400; recovery 100/100
waiting: search 50/400; recovery 100/100
waiting: search 54/400; recovery 100/100
waiting: search 54/400; recovery 100/100
waiting: search 54/400; recovery 100/100
waiting: search 54/400; recovery 100/100
waiting: search 54/400; recovery 100/100
waiting: search 56/400; recovery 100/100
waiting: search 56/400; recovery 100/100
waiting: search 58/400; recovery 100/100
waiting: search 62/400; recovery 100/100
waiting: search 62/400; recovery 100/100
waiting: search 62/400; recovery 100/100
waiting: search 62/400; recovery 100/100
waiting: search 63/400; recovery 100/100
waiting: search 63/400; recovery 100/100
waiting: search 63/400; recovery 100/100
waiting: search 64/400; recovery 100/100
waiting: search 67/400; recovery 100/100
waiting: search 67/400; recovery 100/100
waiting: search 70/400; recovery 100/100
waiting: search 72/400; recovery 100/100
waiting: search 78/400; recovery 100/100
waiting: search 80/400; recovery 100/100
waiting: search 86/400; recovery 100/100
waiting: search 90/400; recovery 100/100
waiting: search 91/400; recovery 100/100
waiting: search 95/400; recovery 100/100
waiting: search 98/400; recovery 100/100
waiting: search 100/400; recovery 100/100
waiting: search 102/400; recovery 100/100
waiting: search 108/400; recovery 100/100
waiting: search 114/400; recovery 100/100
waiting: search 120/400; recovery 100/100
waiting: search 131/400; recovery 100/100
waiting: search 136/400; recovery 100/100
waiting: search 138/400; recovery 100/100
waiting: search 143/400; recovery 100/100
waiting: search 158/400; recovery 100/100
waiting: search 178/400; recovery 100/100
waiting: search 183/400; recovery 100/100
waiting: search 191/400; recovery 100/100
waiting: search 207/400; recovery 100/100
waiting: search 228/400; recovery 100/100
waiting: search 284/400; recovery 100/100
waiting: search 400/400; recovery 100/100
replay 10/400
replay 20/400
replay 30/400
replay 40/400
replay 50/400
replay 60/400
replay 70/400
replay 80/400
replay 90/400
replay 100/400
replay 110/400
replay 120/400
replay 130/400
replay 140/400
replay 150/400
replay 160/400
replay 170/400
replay 180/400
replay 190/400
replay 200/400
replay 210/400
replay 220/400
replay 230/400
replay 240/400
replay 250/400
replay 260/400
replay 270/400
replay 280/400
replay 290/400
replay 300/400
replay 310/400
replay 320/400
replay 330/400
replay 340/400
replay 350/400
replay 360/400
replay 370/400
replay 380/400
replay 390/400
replay 400/400
[
  {
    "cores": 1,
    "cases": 100,
    "mean_speedup": 1.0,
    "total_cycles": 312479373,
    "total_added_copy_bytes": 1241686120
  },
  {
    "cores": 2,
    "cases": 100,
    "mean_speedup": 1.8602044567489593,
    "total_cycles": 158457320,
    "total_added_copy_bytes": 1797216244
  },
  {
    "cores": 3,
    "cases": 100,
    "mean_speedup": 2.6048272033330586,
    "total_cycles": 110359308,
    "total_added_copy_bytes": 1743011670
  },
  {
    "cores": 4,
    "cases": 100,
    "mean_speedup": 3.272612585305589,
    "total_cycles": 86202622,
    "total_added_copy_bytes": 1764930722
  },
  {
    "cores": 5,
    "cases": 100,
    "mean_speedup": 4.026823909877872,
    "total_cycles": 68905422,
    "total_added_copy_bytes": 1807542424
  }
]
