02:19:22 QUEUE 100 of 100
02:19:22 START case_014 pid=30504 weight=3 eval_workers=6 mem=29 cpu=6 slots=3/11
02:19:22 START case_076 pid=16668 weight=3 eval_workers=6 mem=29 cpu=6 slots=6/11
02:19:22 START case_091 pid=2832 weight=3 eval_workers=6 mem=29 cpu=6 slots=9/11
02:19:38 START case_072 pid=25424 weight=3 eval_workers=6 mem=34 cpu=12 slots=12/12
02:20:24 START case_087 pid=29972 weight=3 eval_workers=6 mem=34 cpu=16 slots=15/15
02:28:21 DONE case_072
02:28:21 START case_025 pid=24500 weight=3 eval_workers=6 mem=39 cpu=47 slots=15/16
02:28:37 DONE case_087
02:28:37 START case_062 pid=31172 weight=3 eval_workers=6 mem=38 cpu=31 slots=15/16
02:29:08 DONE case_076
02:29:08 START case_079 pid=24512 weight=2 eval_workers=4 mem=33 cpu=17 slots=14/16
02:29:08 START case_085 pid=4920 weight=2 eval_workers=4 mem=32 cpu=17 slots=16/16
02:29:23 DONE case_091
02:29:23 START case_028 pid=30488 weight=2 eval_workers=4 mem=33 cpu=23 slots=15/16
02:29:33 QUEUE 96 of 100 ramp-if-cpu-under-90
02:29:34 START case_014 pid=29956 eval_workers=4 mem=29 cpu=3 running=1/9
02:29:34 START case_025 pid=25112 eval_workers=4 mem=29 cpu=3 running=2/9
02:29:34 START case_062 pid=668 eval_workers=4 mem=29 cpu=9 running=3/9
02:29:34 START case_079 pid=3824 eval_workers=3 mem=29 cpu=9 running=4/9
02:29:34 START case_085 pid=4396 eval_workers=3 mem=29 cpu=20 running=5/9
02:29:34 START case_028 pid=27524 eval_workers=3 mem=29 cpu=20 running=6/9
02:29:35 START case_058 pid=23672 eval_workers=3 mem=29 cpu=21 running=7/9
02:29:35 START case_041 pid=30952 eval_workers=3 mem=29 cpu=21 running=8/9
02:29:35 START case_092 pid=6456 eval_workers=3 mem=29 cpu=22 running=9/9
02:29:47 START case_016 pid=6952 eval_workers=3 mem=33 cpu=18 running=10/10
02:30:00 DONE case_014
02:30:00 START case_054 pid=28472 eval_workers=3 mem=31 cpu=16 running=10/11
02:30:01 START case_084 pid=9056 eval_workers=3 mem=31 cpu=23 running=11/11
02:30:13 START case_047 pid=30408 eval_workers=3 mem=32 cpu=27 running=12/12
02:30:26 START case_003 pid=30612 eval_workers=3 mem=33 cpu=36 running=13/13
02:30:38 START case_053 pid=6560 eval_workers=3 mem=34 cpu=34 running=14/14
02:30:51 START case_030 pid=26832 eval_workers=3 mem=34 cpu=32 running=15/15
02:31:04 START case_043 pid=29684 eval_workers=3 mem=35 cpu=41 running=16/16
02:31:17 START case_063 pid=28552 eval_workers=3 mem=33 cpu=40 running=17/17
02:31:29 START case_067 pid=30576 eval_workers=3 mem=34 cpu=60 running=18/18
02:33:35 QUEUE 77 of 100 ramp-if-cpu-under-90
02:33:36 START case_097 pid=24120 eval_workers=3 mem=46 cpu=47 running=1/10
02:33:36 START case_056 pid=23140 eval_workers=3 mem=46 cpu=47 running=2/10
02:33:36 START case_075 pid=11808 eval_workers=3 mem=46 cpu=50 running=3/10
02:33:36 START case_099 pid=25208 eval_workers=3 mem=46 cpu=50 running=4/10
02:33:36 START case_020 pid=15968 eval_workers=3 mem=46 cpu=61 running=5/10
02:33:37 START case_038 pid=29356 eval_workers=3 mem=46 cpu=61 running=6/10
02:33:37 START case_031 pid=31680 eval_workers=3 mem=47 cpu=64 running=7/10
02:33:37 START case_039 pid=19312 eval_workers=3 mem=47 cpu=64 running=8/10
02:33:37 START case_060 pid=30832 eval_workers=3 mem=47 cpu=68 running=9/10
02:33:37 START case_066 pid=15560 eval_workers=3 mem=47 cpu=68 running=10/10
02:33:50 START case_095 pid=27144 eval_workers=3 mem=49 cpu=85 running=11/12
02:33:51 START case_009 pid=31280 eval_workers=3 mem=49 cpu=85 running=12/12
02:38:53 DONE case_020
02:40:26 DONE case_060
02:41:05 DONE case_031
02:41:18 DONE case_038
02:41:31 DONE case_097
02:41:31 DONE case_039
02:41:32 START case_068 pid=14924 eval_workers=3 mem=54 cpu=87 running=7/10
02:41:32 START case_024 pid=7408 eval_workers=3 mem=54 cpu=87 running=8/10
02:41:45 START case_042 pid=30716 eval_workers=2 mem=56 cpu=77 running=9/12
02:41:45 START case_086 pid=21720 eval_workers=2 mem=56 cpu=77 running=10/12
02:41:46 START case_089 pid=25716 eval_workers=2 mem=56 cpu=82 running=11/12
02:41:46 START case_007 pid=16856 eval_workers=2 mem=56 cpu=82 running=12/12
02:42:00 DONE case_099
02:42:00 DONE case_066
02:42:00 START case_073 pid=22756 eval_workers=2 mem=53 cpu=64 running=11/14
02:42:00 START case_077 pid=21152 eval_workers=2 mem=53 cpu=64 running=12/14
02:42:00 START case_021 pid=2704 eval_workers=2 mem=53 cpu=80 running=13/14
02:42:00 START case_081 pid=11364 eval_workers=2 mem=53 cpu=80 running=14/14
02:42:14 DONE case_095
02:42:14 START case_050 pid=16440 eval_workers=2 mem=52 cpu=64 running=14/16
02:42:15 START case_034 pid=30908 eval_workers=2 mem=52 cpu=70 running=15/16
02:42:15 START case_082 pid=20328 eval_workers=2 mem=52 cpu=70 running=16/16
02:42:29 START case_005 pid=27244 eval_workers=2 mem=54 cpu=62 running=17/18
02:42:29 START case_049 pid=24048 eval_workers=2 mem=54 cpu=62 running=18/18
02:42:42 START case_074 pid=10216 eval_workers=2 mem=54 cpu=66 running=19/20
02:42:43 START case_036 pid=11368 eval_workers=2 mem=54 cpu=66 running=20/20
02:42:56 START case_033 pid=29792 eval_workers=2 mem=52 cpu=58 running=21/22
02:42:56 START case_035 pid=24780 eval_workers=2 mem=52 cpu=58 running=22/22
02:43:10 START case_083 pid=17352 eval_workers=2 mem=55 cpu=58 running=23/24
02:43:10 START case_059 pid=4560 eval_workers=2 mem=55 cpu=58 running=24/24
02:43:25 START case_013 pid=28376 eval_workers=2 mem=58 cpu=67 running=25/26
02:43:25 START case_088 pid=3856 eval_workers=2 mem=58 cpu=67 running=26/26
02:43:39 START case_018 pid=24600 eval_workers=2 mem=57 cpu=65 running=27/28
02:43:39 START case_040 pid=24760 eval_workers=2 mem=57 cpu=65 running=28/28
02:44:08 DONE case_075
02:44:08 START case_002 pid=25468 eval_workers=2 mem=58 cpu=50 running=28/28
02:45:56 DONE case_056
02:45:56 START case_027 pid=29184 eval_workers=2 mem=61 cpu=52 running=28/28
02:50:25 DONE case_089
02:50:25 START case_048 pid=5580 eval_workers=2 mem=63 cpu=47 running=28/28
02:50:39 DONE case_013
02:50:39 START case_090 pid=27696 eval_workers=2 mem=63 cpu=47 running=28/28
02:51:21 DONE case_081
02:51:21 START case_045 pid=16312 eval_workers=2 mem=65 cpu=43 running=28/28
02:52:02 DONE case_059
02:52:02 START case_017 pid=2664 eval_workers=2 mem=63 cpu=44 running=28/28
02:52:16 DONE case_007
02:52:16 START case_100 pid=1260 eval_workers=2 mem=63 cpu=46 running=28/28
02:53:10 DONE case_036
02:53:10 START case_080 pid=18464 eval_workers=2 mem=64 cpu=49 running=28/28
02:53:37 DONE case_021
02:53:37 START case_008 pid=6128 eval_workers=2 mem=64 cpu=45 running=28/28
02:54:31 DONE case_018
02:54:31 START case_044 pid=31656 eval_workers=2 mem=61 cpu=46 running=28/28
02:54:45 DONE case_045
02:54:45 START case_022 pid=28440 eval_workers=2 mem=62 cpu=44 running=28/28
02:55:26 DONE case_008
02:55:26 START case_098 pid=13828 eval_workers=2 mem=61 cpu=54 running=28/28
02:55:54 DONE case_002
02:55:54 DONE case_080
02:55:54 START case_051 pid=27588 eval_workers=2 mem=62 cpu=55 running=27/28
02:55:54 START case_061 pid=17308 eval_workers=2 mem=62 cpu=55 running=28/28
02:56:22 DONE case_027
02:56:22 START case_055 pid=28352 eval_workers=2 mem=64 cpu=50 running=28/28
02:56:36 DONE case_073
02:56:37 START case_070 pid=15780 eval_workers=2 mem=63 cpu=50 running=28/28
02:56:51 DONE case_083
02:56:51 START case_052 pid=28896 eval_workers=2 mem=62 cpu=53 running=28/28
02:57:05 DONE case_044
02:57:05 START case_096 pid=15312 eval_workers=2 mem=62 cpu=53 running=28/28
02:57:19 DONE case_017
02:57:19 START case_012 pid=30808 eval_workers=2 mem=62 cpu=47 running=28/28
02:58:54 DONE case_022
02:58:54 START case_015 pid=5008 eval_workers=2 mem=60 cpu=48 running=28/28
02:59:48 DONE case_024
02:59:48 DONE case_061
02:59:48 DONE case_055
02:59:48 DONE case_012
02:59:48 START case_029 pid=28796 eval_workers=2 mem=58 cpu=53 running=25/28
02:59:48 START case_023 pid=28256 eval_workers=2 mem=58 cpu=53 running=26/28
02:59:49 START case_078 pid=30188 eval_workers=2 mem=58 cpu=70 running=27/28
02:59:49 START case_069 pid=16536 eval_workers=2 mem=58 cpu=70 running=28/28
03:00:03 DONE case_052
03:00:03 START case_046 pid=12816 eval_workers=2 mem=59 cpu=52 running=28/28
03:00:17 DONE case_040
03:00:17 DONE case_070
03:00:17 START case_037 pid=17472 eval_workers=2 mem=57 cpu=46 running=27/28
03:00:17 START case_004 pid=21588 eval_workers=2 mem=57 cpu=46 running=28/28
03:00:31 DONE case_034
03:00:31 START case_001 pid=29996 eval_workers=2 mem=57 cpu=46 running=28/28
03:01:11 DONE case_090
03:01:11 DONE case_029
03:01:11 DONE case_004
03:01:12 START case_064 pid=29912 eval_workers=2 mem=56 cpu=44 running=26/28
03:01:12 START case_057 pid=27172 eval_workers=2 mem=55 cpu=47 running=27/28
03:01:12 START case_032 pid=31028 eval_workers=2 mem=55 cpu=47 running=28/28
03:01:27 DONE case_046
03:01:27 DONE case_037
03:01:28 DONE case_001
03:01:28 START case_093 pid=11948 eval_workers=2 mem=56 cpu=61 running=26/28
03:01:28 START case_011 pid=6480 eval_workers=2 mem=56 cpu=59 running=27/28
03:01:28 START case_065 pid=16480 eval_workers=2 mem=56 cpu=59 running=28/28
03:01:55 DONE case_033
03:01:55 START case_071 pid=5024 eval_workers=2 mem=56 cpu=45 running=28/28
03:02:09 DONE case_088
03:02:09 DONE case_023
03:02:09 START case_006 pid=6524 eval_workers=2 mem=54 cpu=53 running=27/28
03:02:09 START case_094 pid=22476 eval_workers=2 mem=54 cpu=53 running=28/28
03:02:36 DONE case_074
03:02:36 DONE case_048
03:02:36 DONE case_093
03:02:36 DONE case_011
03:02:36 START case_010 pid=12208 eval_workers=2 mem=53 cpu=45 running=25/28
03:02:36 START case_026 pid=27616 eval_workers=2 mem=53 cpu=45 running=26/28
03:02:37 START case_019 pid=29448 eval_workers=2 mem=53 cpu=62 running=27/28
03:02:50 DONE case_100
03:02:50 DONE case_065
03:03:30 DONE case_094
03:03:42 DONE case_005
03:03:42 DONE case_032
03:04:22 DONE case_082
03:05:01 DONE case_051
03:05:40 DONE case_035
03:05:53 DONE case_098
03:06:32 DONE case_077
03:07:24 DONE case_096
03:09:07 DONE case_015
03:09:07 DONE case_064
03:09:20 DONE case_009
03:09:20 DONE case_042
03:09:33 DONE case_086
03:09:58 DONE case_068
03:09:58 DONE case_078
03:10:11 DONE case_049
03:10:11 DONE case_069
03:10:11 DONE case_071
03:10:37 DONE case_050
03:11:27 DONE case_057
03:12:18 DONE case_006
03:12:44 DONE case_010
03:12:44 DONE case_019
03:12:56 DONE case_026
03:12:56 FAILED case_025,case_062,case_079,case_085,case_028,case_058,case_041,case_016,case_054,case_047,case_003,case_053,case_030,case_043
03:18:14 WAIT 4/14 still case_025,case_062,case_079,case_085,case_028,case_058,case_041,case_054,case_003,case_053
03:19:14 WAIT 6/14 still case_025,case_062,case_079,case_085,case_028,case_041,case_054,case_053
03:20:14 WAIT 6/14 still case_025,case_062,case_079,case_085,case_028,case_041,case_054,case_053
03:21:14 WAIT 7/14 still case_025,case_062,case_079,case_085,case_028,case_041,case_054
03:22:14 WAIT 8/14 still case_025,case_062,case_079,case_085,case_028,case_041
03:23:14 WAIT 9/14 still case_025,case_062,case_079,case_085,case_028
03:24:14 WAIT 9/14 still case_025,case_062,case_079,case_085,case_028
03:25:14 WAIT 9/14 still case_025,case_062,case_079,case_085,case_028
03:26:14 WAIT 9/14 still case_025,case_062,case_079,case_085,case_028
03:27:14 WAIT 9/14 still case_025,case_062,case_079,case_085,case_028
03:28:14 WAIT 9/14 still case_025,case_062,case_079,case_085,case_028
03:29:14 WAIT 9/14 still case_025,case_062,case_079,case_085,case_028
03:30:14 WAIT 9/14 still case_025,case_062,case_079,case_085,case_028
03:31:14 WAIT 9/14 still case_025,case_062,case_079,case_085,case_028
03:32:14 WAIT 9/14 still case_025,case_062,case_079,case_085,case_028
03:33:14 WAIT 9/14 still case_025,case_062,case_079,case_085,case_028
03:34:14 WAIT 9/14 still case_025,case_062,case_079,case_085,case_028
03:35:14 WAIT 9/14 still case_025,case_062,case_079,case_085,case_028
03:36:14 WAIT 9/14 still case_025,case_062,case_079,case_085,case_028
03:37:14 WAIT 9/14 still case_025,case_062,case_079,case_085,case_028
03:38:14 WAIT 9/14 still case_025,case_062,case_079,case_085,case_028
03:39:14 WAIT 9/14 still case_025,case_062,case_079,case_085,case_028
03:40:14 WAIT 9/14 still case_025,case_062,case_079,case_085,case_028
03:41:14 WAIT 9/14 still case_025,case_062,case_079,case_085,case_028
03:42:14 WAIT 9/14 still case_025,case_062,case_079,case_085,case_028
03:43:14 WAIT 9/14 still case_025,case_062,case_079,case_085,case_028
03:44:14 WAIT 9/14 still case_025,case_062,case_079,case_085,case_028
03:45:14 WAIT 9/14 still case_025,case_062,case_079,case_085,case_028
03:46:14 WAIT 9/14 still case_025,case_062,case_079,case_085,case_028
03:47:14 WAIT 9/14 still case_025,case_062,case_079,case_085,case_028
03:48:14 WAIT 9/14 still case_025,case_062,case_079,case_085,case_028
03:49:14 WAIT 9/14 still case_025,case_062,case_079,case_085,case_028
03:50:14 WAIT 9/14 still case_025,case_062,case_079,case_085,case_028
03:51:14 WAIT 9/14 still case_025,case_062,case_079,case_085,case_028
03:52:14 WAIT 9/14 still case_025,case_062,case_079,case_085,case_028
03:53:14 WAIT 9/14 still case_025,case_062,case_079,case_085,case_028
03:54:14 WAIT 9/14 still case_025,case_062,case_079,case_085,case_028
03:55:14 WAIT 9/14 still case_025,case_062,case_079,case_085,case_028
03:56:14 WAIT 9/14 still case_025,case_062,case_079,case_085,case_028
03:57:14 WAIT 9/14 still case_025,case_062,case_079,case_085,case_028
03:58:14 WAIT 9/14 still case_025,case_062,case_079,case_085,case_028
03:59:14 WAIT 9/14 still case_025,case_062,case_079,case_085,case_028
04:00:14 WAIT 9/14 still case_025,case_062,case_079,case_085,case_028
04:01:14 WAIT 9/14 still case_025,case_062,case_079,case_085,case_028
04:02:14 WAIT 9/14 still case_025,case_062,case_079,case_085,case_028
04:03:14 WAIT 9/14 still case_025,case_062,case_079,case_085,case_028
04:04:14 WAIT 9/14 still case_025,case_062,case_079,case_085,case_028
04:05:14 WAIT 9/14 still case_025,case_062,case_079,case_085,case_028
04:06:14 WAIT 9/14 still case_025,case_062,case_079,case_085,case_028
04:07:14 WAIT 9/14 still case_025,case_062,case_079,case_085,case_028
04:08:14 WAIT 9/14 still case_025,case_062,case_079,case_085,case_028
04:09:14 WAIT 9/14 still case_025,case_062,case_079,case_085,case_028
04:10:14 WAIT 9/14 still case_025,case_062,case_079,case_085,case_028
04:11:14 WAIT 9/14 still case_025,case_062,case_079,case_085,case_028
04:12:14 WAIT 9/14 still case_025,case_062,case_079,case_085,case_028
04:13:14 WAIT 9/14 still case_025,case_062,case_079,case_085,case_028
04:14:14 WAIT 9/14 still case_025,case_062,case_079,case_085,case_028
04:15:14 WAIT 9/14 still case_025,case_062,case_079,case_085,case_028
04:16:14 WAIT 9/14 still case_025,case_062,case_079,case_085,case_028
04:17:14 WAIT 9/14 still case_025,case_062,case_079,case_085,case_028
04:18:14 WAIT 9/14 still case_025,case_062,case_079,case_085,case_028
04:19:14 WAIT 9/14 still case_025,case_062,case_079,case_085,case_028
04:20:14 WAIT 9/14 still case_025,case_062,case_079,case_085,case_028
04:21:14 WAIT 9/14 still case_025,case_062,case_079,case_085,case_028
04:22:14 WAIT 9/14 still case_025,case_062,case_079,case_085,case_028
04:23:14 WAIT 9/14 still case_025,case_062,case_079,case_085,case_028
04:24:14 WAIT 9/14 still case_025,case_062,case_079,case_085,case_028
04:25:14 WAIT 9/14 still case_025,case_062,case_079,case_085,case_028
04:26:14 WAIT 9/14 still case_025,case_062,case_079,case_085,case_028
04:27:14 WAIT 9/14 still case_025,case_062,case_079,case_085,case_028
04:28:14 WAIT 9/14 still case_025,case_062,case_079,case_085,case_028
04:29:14 WAIT 9/14 still case_025,case_062,case_079,case_085,case_028
04:30:14 WAIT 9/14 still case_025,case_062,case_079,case_085,case_028
04:31:14 WAIT 9/14 still case_025,case_062,case_079,case_085,case_028
04:32:14 WAIT 9/14 still case_025,case_062,case_079,case_085,case_028
04:33:14 WAIT 9/14 still case_025,case_062,case_079,case_085,case_028
04:34:14 WAIT 9/14 still case_025,case_062,case_079,case_085,case_028
04:35:14 WAIT 9/14 still case_025,case_062,case_079,case_085,case_028
04:36:14 WAIT 9/14 still case_025,case_062,case_079,case_085,case_028
04:37:14 WAIT 9/14 still case_025,case_062,case_079,case_085,case_028
04:38:14 WAIT 9/14 still case_025,case_062,case_079,case_085,case_028
04:39:14 WAIT 9/14 still case_025,case_062,case_079,case_085,case_028
04:40:14 WAIT 9/14 still case_025,case_062,case_079,case_085,case_028
04:41:14 WAIT 9/14 still case_025,case_062,case_079,case_085,case_028
04:42:14 WAIT 9/14 still case_025,case_062,case_079,case_085,case_028
04:43:14 WAIT 9/14 still case_025,case_062,case_079,case_085,case_028
04:44:15 WAIT 9/14 still case_025,case_062,case_079,case_085,case_028
04:45:15 WAIT 9/14 still case_025,case_062,case_079,case_085,case_028
04:46:15 WAIT 9/14 still case_025,case_062,case_079,case_085,case_028
04:47:15 WAIT 9/14 still case_025,case_062,case_079,case_085,case_028
04:48:15 WAIT 9/14 still case_025,case_062,case_079,case_085,case_028
04:49:15 WAIT 9/14 still case_025,case_062,case_079,case_085,case_028
04:50:15 WAIT 9/14 still case_025,case_062,case_079,case_085,case_028
04:51:15 WAIT 9/14 still case_025,case_062,case_079,case_085,case_028
04:52:15 WAIT 9/14 still case_025,case_062,case_079,case_085,case_028
04:53:15 WAIT 9/14 still case_025,case_062,case_079,case_085,case_028
04:54:15 WAIT 9/14 still case_025,case_062,case_079,case_085,case_028
04:55:15 WAIT 9/14 still case_025,case_062,case_079,case_085,case_028
04:56:15 WAIT 9/14 still case_025,case_062,case_079,case_085,case_028
04:57:15 WAIT 9/14 still case_025,case_062,case_079,case_085,case_028
04:58:15 WAIT 9/14 still case_025,case_062,case_079,case_085,case_028
04:59:15 WAIT 9/14 still case_025,case_062,case_079,case_085,case_028
05:00:15 WAIT 9/14 still case_025,case_062,case_079,case_085,case_028
05:01:15 WAIT 9/14 still case_025,case_062,case_079,case_085,case_028
05:02:15 WAIT 9/14 still case_025,case_062,case_079,case_085,case_028
05:03:15 WAIT 9/14 still case_025,case_062,case_079,case_085,case_028
05:04:15 WAIT 9/14 still case_025,case_062,case_079,case_085,case_028
05:05:15 WAIT 9/14 still case_025,case_062,case_079,case_085,case_028
05:06:15 WAIT 9/14 still case_025,case_062,case_079,case_085,case_028
05:07:15 WAIT 9/14 still case_025,case_062,case_079,case_085,case_028
05:08:15 WAIT 9/14 still case_025,case_062,case_079,case_085,case_028
05:09:15 WAIT 9/14 still case_025,case_062,case_079,case_085,case_028
05:10:15 WAIT 9/14 still case_025,case_062,case_079,case_085,case_028
05:11:15 WAIT 9/14 still case_025,case_062,case_079,case_085,case_028
05:12:15 WAIT 9/14 still case_025,case_062,case_079,case_085,case_028
05:13:15 WAIT 9/14 still case_025,case_062,case_079,case_085,case_028
05:14:15 WAIT 9/14 still case_025,case_062,case_079,case_085,case_028
05:15:15 WAIT 9/14 still case_025,case_062,case_079,case_085,case_028
05:16:15 WAIT 9/14 still case_025,case_062,case_079,case_085,case_028
05:17:15 WAIT 9/14 still case_025,case_062,case_079,case_085,case_028
05:18:15 WAIT 9/14 still case_025,case_062,case_079,case_085,case_028
05:19:15 WAIT 9/14 still case_025,case_062,case_079,case_085,case_028
05:20:15 WAIT 9/14 still case_025,case_062,case_079,case_085,case_028
05:21:15 WAIT 9/14 still case_025,case_062,case_079,case_085,case_028
05:22:15 WAIT 9/14 still case_025,case_062,case_079,case_085,case_028
05:23:15 WAIT 9/14 still case_025,case_062,case_079,case_085,case_028
05:24:15 WAIT 9/14 still case_025,case_062,case_079,case_085,case_028
05:25:15 WAIT 9/14 still case_025,case_062,case_079,case_085,case_028
05:26:15 WAIT 9/14 still case_025,case_062,case_079,case_085,case_028
05:27:15 WAIT 9/14 still case_025,case_062,case_079,case_085,case_028
05:28:15 WAIT 9/14 still case_025,case_062,case_079,case_085,case_028
05:29:15 WAIT 9/14 still case_025,case_062,case_079,case_085,case_028
05:30:15 WAIT 9/14 still case_025,case_062,case_079,case_085,case_028
05:31:15 WAIT 9/14 still case_025,case_062,case_079,case_085,case_028
05:32:15 WAIT 9/14 still case_025,case_062,case_079,case_085,case_028
05:33:15 WAIT 9/14 still case_025,case_062,case_079,case_085,case_028
05:34:15 WAIT 9/14 still case_025,case_062,case_079,case_085,case_028
05:35:15 WAIT 9/14 still case_025,case_062,case_079,case_085,case_028
05:36:15 WAIT 9/14 still case_025,case_062,case_079,case_085,case_028
05:37:15 WAIT 9/14 still case_025,case_062,case_079,case_085,case_028
05:38:15 WAIT 9/14 still case_025,case_062,case_079,case_085,case_028
05:39:15 WAIT 9/14 still case_025,case_062,case_079,case_085,case_028
05:40:15 WAIT 9/14 still case_025,case_062,case_079,case_085,case_028
05:41:15 WAIT 9/14 still case_025,case_062,case_079,case_085,case_028
05:42:15 WAIT 9/14 still case_025,case_062,case_079,case_085,case_028
05:43:15 WAIT 9/14 still case_025,case_062,case_079,case_085,case_028
05:44:15 WAIT 9/14 still case_025,case_062,case_079,case_085,case_028
05:45:15 WAIT 9/14 still case_025,case_062,case_079,case_085,case_028
05:46:15 WAIT 9/14 still case_025,case_062,case_079,case_085,case_028
05:47:15 WAIT 9/14 still case_025,case_062,case_079,case_085,case_028
05:48:15 WAIT 9/14 still case_025,case_062,case_079,case_085,case_028
05:49:15 WAIT 9/14 still case_025,case_062,case_079,case_085,case_028
05:50:15 WAIT 9/14 still case_025,case_062,case_079,case_085,case_028
05:51:15 WAIT 9/14 still case_025,case_062,case_079,case_085,case_028
05:52:15 WAIT 9/14 still case_025,case_062,case_079,case_085,case_028
05:53:15 WAIT 9/14 still case_025,case_062,case_079,case_085,case_028
05:54:15 WAIT 9/14 still case_025,case_062,case_079,case_085,case_028
05:55:15 WAIT 9/14 still case_025,case_062,case_079,case_085,case_028
05:56:15 WAIT 9/14 still case_025,case_062,case_079,case_085,case_028
05:57:15 WAIT 9/14 still case_025,case_062,case_079,case_085,case_028
05:58:15 WAIT 9/14 still case_025,case_062,case_079,case_085,case_028
05:59:15 WAIT 9/14 still case_025,case_062,case_079,case_085,case_028
06:00:15 WAIT 9/14 still case_025,case_062,case_079,case_085,case_028
06:01:15 WAIT 9/14 still case_025,case_062,case_079,case_085,case_028
06:02:15 WAIT 9/14 still case_025,case_062,case_079,case_085,case_028
06:03:15 WAIT 9/14 still case_025,case_062,case_079,case_085,case_028
06:04:15 WAIT 9/14 still case_025,case_062,case_079,case_085,case_028
06:05:15 WAIT 9/14 still case_025,case_062,case_079,case_085,case_028
06:06:15 WAIT 9/14 still case_025,case_062,case_079,case_085,case_028
06:07:15 WAIT 9/14 still case_025,case_062,case_079,case_085,case_028
06:08:15 WAIT 9/14 still case_025,case_062,case_079,case_085,case_028
06:09:15 WAIT 9/14 still case_025,case_062,case_079,case_085,case_028
06:10:15 WAIT 9/14 still case_025,case_062,case_079,case_085,case_028
06:11:15 WAIT 9/14 still case_025,case_062,case_079,case_085,case_028
06:12:15 WAIT 9/14 still case_025,case_062,case_079,case_085,case_028
06:13:15 WAIT 9/14 still case_025,case_062,case_079,case_085,case_028
06:14:15 WAIT 9/14 still case_025,case_062,case_079,case_085,case_028
06:15:15 WAIT 9/14 still case_025,case_062,case_079,case_085,case_028
06:16:15 WAIT 9/14 still case_025,case_062,case_079,case_085,case_028
06:17:15 WAIT 9/14 still case_025,case_062,case_079,case_085,case_028
06:18:15 WAIT 9/14 still case_025,case_062,case_079,case_085,case_028
06:19:15 WAIT 9/14 still case_025,case_062,case_079,case_085,case_028
06:20:15 WAIT 9/14 still case_025,case_062,case_079,case_085,case_028
06:21:15 WAIT 9/14 still case_025,case_062,case_079,case_085,case_028
06:22:15 WAIT 9/14 still case_025,case_062,case_079,case_085,case_028
06:23:15 WAIT 9/14 still case_025,case_062,case_079,case_085,case_028
06:24:15 WAIT 9/14 still case_025,case_062,case_079,case_085,case_028
06:25:15 WAIT 9/14 still case_025,case_062,case_079,case_085,case_028
06:26:15 WAIT 9/14 still case_025,case_062,case_079,case_085,case_028
06:27:15 WAIT 9/14 still case_025,case_062,case_079,case_085,case_028
06:28:15 WAIT 9/14 still case_025,case_062,case_079,case_085,case_028
06:29:15 WAIT 9/14 still case_025,case_062,case_079,case_085,case_028
06:30:15 WAIT 9/14 still case_025,case_062,case_079,case_085,case_028
06:31:15 WAIT 9/14 still case_025,case_062,case_079,case_085,case_028
06:32:15 WAIT 9/14 still case_025,case_062,case_079,case_085,case_028
06:33:15 WAIT 9/14 still case_025,case_062,case_079,case_085,case_028
06:34:15 WAIT 9/14 still case_025,case_062,case_079,case_085,case_028
06:35:15 WAIT 9/14 still case_025,case_062,case_079,case_085,case_028
06:36:15 WAIT 9/14 still case_025,case_062,case_079,case_085,case_028
06:37:15 WAIT 9/14 still case_025,case_062,case_079,case_085,case_028
06:38:15 WAIT 9/14 still case_025,case_062,case_079,case_085,case_028
06:39:15 WAIT 9/14 still case_025,case_062,case_079,case_085,case_028
06:40:15 WAIT 9/14 still case_025,case_062,case_079,case_085,case_028
06:41:15 WAIT 9/14 still case_025,case_062,case_079,case_085,case_028
06:42:15 WAIT 9/14 still case_025,case_062,case_079,case_085,case_028
06:43:15 WAIT 9/14 still case_025,case_062,case_079,case_085,case_028
06:44:15 WAIT 9/14 still case_025,case_062,case_079,case_085,case_028
06:45:15 WAIT 9/14 still case_025,case_062,case_079,case_085,case_028
06:46:15 WAIT 9/14 still case_025,case_062,case_079,case_085,case_028
06:47:15 WAIT 9/14 still case_025,case_062,case_079,case_085,case_028
06:48:15 WAIT 9/14 still case_025,case_062,case_079,case_085,case_028
06:49:15 WAIT 9/14 still case_025,case_062,case_079,case_085,case_028
06:50:15 WAIT 9/14 still case_025,case_062,case_079,case_085,case_028
06:51:15 WAIT 9/14 still case_025,case_062,case_079,case_085,case_028
06:52:15 WAIT 9/14 still case_025,case_062,case_079,case_085,case_028
06:53:15 WAIT 9/14 still case_025,case_062,case_079,case_085,case_028
06:54:15 WAIT 9/14 still case_025,case_062,case_079,case_085,case_028
06:55:15 WAIT 9/14 still case_025,case_062,case_079,case_085,case_028
06:56:15 WAIT 9/14 still case_025,case_062,case_079,case_085,case_028
06:57:15 WAIT 9/14 still case_025,case_062,case_079,case_085,case_028
06:58:15 WAIT 9/14 still case_025,case_062,case_079,case_085,case_028
06:59:15 WAIT 9/14 still case_025,case_062,case_079,case_085,case_028
07:00:15 WAIT 9/14 still case_025,case_062,case_079,case_085,case_028
07:01:15 WAIT 9/14 still case_025,case_062,case_079,case_085,case_028
07:02:15 WAIT 9/14 still case_025,case_062,case_079,case_085,case_028
07:03:15 WAIT 9/14 still case_025,case_062,case_079,case_085,case_028
07:04:15 WAIT 9/14 still case_025,case_062,case_079,case_085,case_028
07:05:15 WAIT 9/14 still case_025,case_062,case_079,case_085,case_028
07:06:15 WAIT 9/14 still case_025,case_062,case_079,case_085,case_028
07:07:15 WAIT 9/14 still case_025,case_062,case_079,case_085,case_028
07:08:15 WAIT 9/14 still case_025,case_062,case_079,case_085,case_028
07:09:15 WAIT 9/14 still case_025,case_062,case_079,case_085,case_028
07:10:15 WAIT 9/14 still case_025,case_062,case_079,case_085,case_028
07:11:15 WAIT 9/14 still case_025,case_062,case_079,case_085,case_028
07:12:15 WAIT 9/14 still case_025,case_062,case_079,case_085,case_028
07:13:15 WAIT 9/14 still case_025,case_062,case_079,case_085,case_028
07:14:15 WAIT 9/14 still case_025,case_062,case_079,case_085,case_028
07:15:15 WAIT 9/14 still case_025,case_062,case_079,case_085,case_028
07:16:15 WAIT 9/14 still case_025,case_062,case_079,case_085,case_028
07:17:15 WAIT 9/14 still case_025,case_062,case_079,case_085,case_028
07:18:15 WAIT 9/14 still case_025,case_062,case_079,case_085,case_028
07:19:15 WAIT 9/14 still case_025,case_062,case_079,case_085,case_028
07:20:15 WAIT 9/14 still case_025,case_062,case_079,case_085,case_028
07:21:15 WAIT 9/14 still case_025,case_062,case_079,case_085,case_028
07:22:15 WAIT 9/14 still case_025,case_062,case_079,case_085,case_028
07:23:15 WAIT 9/14 still case_025,case_062,case_079,case_085,case_028
07:24:15 WAIT 9/14 still case_025,case_062,case_079,case_085,case_028
07:25:15 WAIT 9/14 still case_025,case_062,case_079,case_085,case_028
07:26:15 WAIT 9/14 still case_025,case_062,case_079,case_085,case_028
07:27:15 WAIT 9/14 still case_025,case_062,case_079,case_085,case_028
07:28:15 WAIT 9/14 still case_025,case_062,case_079,case_085,case_028
07:29:15 WAIT 9/14 still case_025,case_062,case_079,case_085,case_028
07:30:15 WAIT 9/14 still case_025,case_062,case_079,case_085,case_028
07:31:15 WAIT 9/14 still case_025,case_062,case_079,case_085,case_028
07:32:15 WAIT 9/14 still case_025,case_062,case_079,case_085,case_028
07:33:15 WAIT 9/14 still case_025,case_062,case_079,case_085,case_028
07:34:15 WAIT 9/14 still case_025,case_062,case_079,case_085,case_028
07:35:15 WAIT 9/14 still case_025,case_062,case_079,case_085,case_028
07:36:15 WAIT 9/14 still case_025,case_062,case_079,case_085,case_028
07:37:15 WAIT 9/14 still case_025,case_062,case_079,case_085,case_028
07:38:15 WAIT 9/14 still case_025,case_062,case_079,case_085,case_028
07:39:15 WAIT 9/14 still case_025,case_062,case_079,case_085,case_028
07:40:15 WAIT 9/14 still case_025,case_062,case_079,case_085,case_028
07:41:15 WAIT 9/14 still case_025,case_062,case_079,case_085,case_028
07:42:15 WAIT 9/14 still case_025,case_062,case_079,case_085,case_028
07:43:15 WAIT 9/14 still case_025,case_062,case_079,case_085,case_028
07:44:15 WAIT 9/14 still case_025,case_062,case_079,case_085,case_028
07:45:15 WAIT 9/14 still case_025,case_062,case_079,case_085,case_028
07:46:15 WAIT 9/14 still case_025,case_062,case_079,case_085,case_028
07:47:15 WAIT 9/14 still case_025,case_062,case_079,case_085,case_028
07:48:15 WAIT 9/14 still case_025,case_062,case_079,case_085,case_028
07:49:15 WAIT 9/14 still case_025,case_062,case_079,case_085,case_028
07:50:15 WAIT 9/14 still case_025,case_062,case_079,case_085,case_028
07:51:15 WAIT 9/14 still case_025,case_062,case_079,case_085,case_028
07:52:15 WAIT 9/14 still case_025,case_062,case_079,case_085,case_028
07:53:15 WAIT 9/14 still case_025,case_062,case_079,case_085,case_028
07:54:15 WAIT 9/14 still case_025,case_062,case_079,case_085,case_028
07:55:15 WAIT 9/14 still case_025,case_062,case_079,case_085,case_028
07:56:15 WAIT 9/14 still case_025,case_062,case_079,case_085,case_028
07:57:15 WAIT 9/14 still case_025,case_062,case_079,case_085,case_028
07:58:15 WAIT 9/14 still case_025,case_062,case_079,case_085,case_028
07:59:15 WAIT 9/14 still case_025,case_062,case_079,case_085,case_028
08:00:15 WAIT 9/14 still case_025,case_062,case_079,case_085,case_028
08:01:15 WAIT 9/14 still case_025,case_062,case_079,case_085,case_028
08:02:15 WAIT 9/14 still case_025,case_062,case_079,case_085,case_028
08:03:15 WAIT 9/14 still case_025,case_062,case_079,case_085,case_028
08:04:15 WAIT 9/14 still case_025,case_062,case_079,case_085,case_028
08:05:15 WAIT 9/14 still case_025,case_062,case_079,case_085,case_028
08:06:15 WAIT 9/14 still case_025,case_062,case_079,case_085,case_028
08:07:15 WAIT 9/14 still case_025,case_062,case_079,case_085,case_028
08:08:15 WAIT 9/14 still case_025,case_062,case_079,case_085,case_028
08:09:15 WAIT 9/14 still case_025,case_062,case_079,case_085,case_028
08:10:15 WAIT 9/14 still case_025,case_062,case_079,case_085,case_028
08:11:15 WAIT 9/14 still case_025,case_062,case_079,case_085,case_028
08:12:15 WAIT 9/14 still case_025,case_062,case_079,case_085,case_028
08:13:15 WAIT 9/14 still case_025,case_062,case_079,case_085,case_028
08:14:15 WAIT 9/14 still case_025,case_062,case_079,case_085,case_028
08:15:15 WAIT 9/14 still case_025,case_062,case_079,case_085,case_028
08:16:15 WAIT 9/14 still case_025,case_062,case_079,case_085,case_028
08:17:15 WAIT 9/14 still case_025,case_062,case_079,case_085,case_028
08:18:15 WAIT 9/14 still case_025,case_062,case_079,case_085,case_028
08:19:15 WAIT 9/14 still case_025,case_062,case_079,case_085,case_028
08:20:15 WAIT 9/14 still case_025,case_062,case_079,case_085,case_028
08:21:15 WAIT 9/14 still case_025,case_062,case_079,case_085,case_028
08:22:15 WAIT 9/14 still case_025,case_062,case_079,case_085,case_028
08:23:15 WAIT 9/14 still case_025,case_062,case_079,case_085,case_028
08:24:15 WAIT 9/14 still case_025,case_062,case_079,case_085,case_028
08:25:15 WAIT 9/14 still case_025,case_062,case_079,case_085,case_028
08:26:15 WAIT 9/14 still case_025,case_062,case_079,case_085,case_028
08:27:15 WAIT 9/14 still case_025,case_062,case_079,case_085,case_028
08:28:15 WAIT 9/14 still case_025,case_062,case_079,case_085,case_028
08:29:15 WAIT 9/14 still case_025,case_062,case_079,case_085,case_028
08:30:15 WAIT 9/14 still case_025,case_062,case_079,case_085,case_028
08:31:15 WAIT 9/14 still case_025,case_062,case_079,case_085,case_028
08:32:15 WAIT 9/14 still case_025,case_062,case_079,case_085,case_028
08:33:15 WAIT 9/14 still case_025,case_062,case_079,case_085,case_028
08:34:15 WAIT 9/14 still case_025,case_062,case_079,case_085,case_028
08:35:15 WAIT 9/14 still case_025,case_062,case_079,case_085,case_028
08:36:15 WAIT 9/14 still case_025,case_062,case_079,case_085,case_028
08:37:15 WAIT 9/14 still case_025,case_062,case_079,case_085,case_028
