DONE 10 / 280 FAIL 0
DONE 20 / 280 FAIL 0
DONE 30 / 280 FAIL 0
DONE 40 / 280 FAIL 0
DONE 50 / 280 FAIL 0
DONE 60 / 280 FAIL 0
DONE 70 / 280 FAIL 0
DONE 80 / 280 FAIL 0
DONE 90 / 280 FAIL 0
DONE 100 / 280 FAIL 0
DONE 110 / 280 FAIL 0
DONE 120 / 280 FAIL 0
DONE 130 / 280 FAIL 0
DONE 140 / 280 FAIL 0
DONE 150 / 280 FAIL 0
DONE 160 / 280 FAIL 0
DONE 170 / 280 FAIL 0
DONE 180 / 280 FAIL 0
DONE 190 / 280 FAIL 0
DONE 200 / 280 FAIL 0
DONE 210 / 280 FAIL 0
DONE 220 / 280 FAIL 0
DONE 230 / 280 FAIL 0
DONE 240 / 280 FAIL 0
DONE 250 / 280 FAIL 0
DONE 260 / 280 FAIL 0
DONE 270 / 280 FAIL 0
DONE 280 / 280 FAIL 0
